-- The C compiler identification is GNU 11.4.0
-- The CXX compiler identification is GNU 11.4.0
-- Detecting C compiler ABI info
-- Detecting C compiler ABI info - done
-- Check for working C compiler: /usr/bin/cc - skipped
-- Detecting C compile features
-- Detecting C compile features - done
-- Detecting CXX compiler ABI info
-- Detecting CXX compiler ABI info - done
-- Check for working CXX compiler: /usr/bin/c++ - skipped
-- Detecting CXX compile features
-- Detecting CXX compile features - done
-- Found ament_cmake: 1.3.12 (/opt/ros/humble/share/ament_cmake/cmake)
-- Found Python3: /usr/bin/python3 (found version "3.10.12") found components: Interpreter 
-- Found rclcpp: 16.0.16 (/opt/ros/humble/share/rclcpp/cmake)
-- Found rosidl_generator_c: 3.1.7 (/opt/ros/humble/share/rosidl_generator_c/cmake)
-- Found rosidl_adapter: 3.1.7 (/opt/ros/humble/share/rosidl_adapter/cmake)
-- Found rosidl_generator_cpp: 3.1.7 (/opt/ros/humble/share/rosidl_generator_cpp/cmake)
-- Using all available rosidl_typesupport_c: rosidl_typesupport_fastrtps_c;rosidl_typesupport_introspection_c
-- Using all available rosidl_typesupport_cpp: rosidl_typesupport_fastrtps_cpp;rosidl_typesupport_introspection_cpp
-- Found rmw_implementation_cmake: 6.1.2 (/opt/ros/humble/share/rmw_implementation_cmake/cmake)
-- Found rmw_fastrtps_cpp: 6.2.9 (/opt/ros/humble/share/rmw_fastrtps_cpp/cmake)
-- Found OpenSSL: /usr/lib/x86_64-linux-gnu/libcrypto.so (found version "3.0.2")  
-- Found FastRTPS: /opt/ros/humble/include  
-- Using RMW implementation 'rmw_fastrtps_cpp' as default
-- Looking for pthread.h
-- Looking for pthread.h - found
-- Performing Test CMAKE_HAVE_LIBC_PTHREAD
-- Performing Test CMAKE_HAVE_LIBC_PTHREAD - Success
-- Found Threads: TRUE  
-- Configuring done
-- Generating done
-- Build files have been written to: /home/vigno0405/github/HandVMC/ros2_dynamixel/build/dynamixel_interface
[ 50%] [32mBuilding CXX object CMakeFiles/dynamixel_node.dir/src/dynamixel_node.cpp.o[0m
[100%] [32m[1mLinking CXX executable dynamixel_node[0m
[100%] Built target dynamixel_node
-- Install configuration: ""
-- Installing: /home/vigno0405/github/HandVMC/ros2_dynamixel/install/dynamixel_interface/lib/dynamixel_interface/dynamixel_node
-- Set runtime path of "/home/vigno0405/github/HandVMC/ros2_dynamixel/install/dynamixel_interface/lib/dynamixel_interface/dynamixel_node" to ""
-- Installing: /home/vigno0405/github/HandVMC/ros2_dynamixel/install/dynamixel_interface/share/ament_index/resource_index/package_run_dependencies/dynamixel_interface
-- Installing: /home/vigno0405/github/HandVMC/ros2_dynamixel/install/dynamixel_interface/share/ament_index/resource_index/parent_prefix_path/dynamixel_interface
-- Installing: /home/vigno0405/github/HandVMC/ros2_dynamixel/install/dynamixel_interface/share/dynamixel_interface/environment/ament_prefix_path.sh
-- Installing: /home/vigno0405/github/HandVMC/ros2_dynamixel/install/dynamixel_interface/share/dynamixel_interface/environment/ament_prefix_path.dsv
-- Installing: /home/vigno0405/github/HandVMC/ros2_dynamixel/install/dynamixel_interface/share/dynamixel_interface/environment/path.sh
-- Installing: /home/vigno0405/github/HandVMC/ros2_dynamixel/install/dynamixel_interface/share/dynamixel_interface/environment/path.dsv
-- Installing: /home/vigno0405/github/HandVMC/ros2_dynamixel/install/dynamixel_interface/share/dynamixel_interface/local_setup.bash
-- Installing: /home/vigno0405/github/HandVMC/ros2_dynamixel/install/dynamixel_interface/share/dynamixel_interface/local_setup.sh
-- Installing: /home/vigno0405/github/HandVMC/ros2_dynamixel/install/dynamixel_interface/share/dynamixel_interface/local_setup.zsh
-- Installing: /home/vigno0405/github/HandVMC/ros2_dynamixel/install/dynamixel_interface/share/dynamixel_interface/local_setup.dsv
-- Installing: /home/vigno0405/github/HandVMC/ros2_dynamixel/install/dynamixel_interface/share/dynamixel_interface/package.dsv
-- Installing: /home/vigno0405/github/HandVMC/ros2_dynamixel/install/dynamixel_interface/share/ament_index/resource_index/packages/dynamixel_interface
-- Installing: /home/vigno0405/github/HandVMC/ros2_dynamixel/install/dynamixel_interface/share/dynamixel_interface/cmake/dynamixel_interfaceConfig.cmake
-- Installing: /home/vigno0405/github/HandVMC/ros2_dynamixel/install/dynamixel_interface/share/dynamixel_interface/cmake/dynamixel_interfaceConfig-version.cmake
-- Installing: /home/vigno0405/github/HandVMC/ros2_dynamixel/install/dynamixel_interface/share/dynamixel_interface/package.xml
