[0.064s] DEBUG:colcon:Command line arguments: ['/usr/bin/colcon', 'build']
[0.064s] DEBUG:colcon:Parsed command line arguments: Namespace(log_base=None, log_level=None, verb_name='build', build_base='build', install_base='install', merge_install=False, symlink_install=False, test_result_base=None, continue_on_error=False, executor='parallel', parallel_workers=16, event_handlers=None, ignore_user_meta=False, metas=['./colcon.meta'], base_paths=['.'], packages_ignore=None, packages_ignore_regex=None, paths=None, packages_up_to=None, packages_up_to_regex=None, packages_above=None, packages_above_and_dependencies=None, packages_above_depth=None, packages_select_by_dep=None, packages_skip_by_dep=None, packages_skip_up_to=None, packages_select_build_failed=False, packages_skip_build_finished=False, packages_select_test_failures=False, packages_skip_test_passed=False, packages_select=None, packages_skip=None, packages_select_regex=None, packages_skip_regex=None, packages_start=None, packages_end=None, allow_overriding=[], cmake_args=None, cmake_target=None, cmake_target_skip_unavailable=False, cmake_clean_cache=False, cmake_clean_first=False, cmake_force_configure=False, ament_cmake_args=None, catkin_cmake_args=None, catkin_skip_building_tests=False, mixin_files=None, mixin=None, verb_parser=<colcon_mixin.mixin.mixin_argument.MixinArgumentDecorator object at 0x7f765a30be80>, verb_extension=<colcon_core.verb.build.BuildVerb object at 0x7f765a30b790>, main=<bound method BuildVerb.main of <colcon_core.verb.build.BuildVerb object at 0x7f765a30b790>>, mixin_verb=('build',))
[0.155s] Level 1:colcon.colcon_core.package_discovery:discover_packages(colcon_meta) check parameters
[0.155s] Level 1:colcon.colcon_core.package_discovery:discover_packages(recursive) check parameters
[0.155s] Level 1:colcon.colcon_core.package_discovery:discover_packages(ignore) check parameters
[0.155s] Level 1:colcon.colcon_core.package_discovery:discover_packages(path) check parameters
[0.155s] Level 1:colcon.colcon_core.package_discovery:discover_packages(colcon_meta) discover
[0.155s] Level 1:colcon.colcon_core.package_discovery:discover_packages(recursive) discover
[0.155s] INFO:colcon.colcon_core.package_discovery:Crawling recursively for packages in '/home/vigno0405/github/HandVMC/ros2_dynamixel'
[0.155s] Level 1:colcon.colcon_core.package_identification:_identify(.) by extensions ['ignore', 'ignore_ament_install']
[0.155s] Level 1:colcon.colcon_core.package_identification:_identify(.) by extension 'ignore'
[0.155s] Level 1:colcon.colcon_core.package_identification:_identify(.) by extension 'ignore_ament_install'
[0.155s] Level 1:colcon.colcon_core.package_identification:_identify(.) by extensions ['colcon_pkg']
[0.155s] Level 1:colcon.colcon_core.package_identification:_identify(.) by extension 'colcon_pkg'
[0.155s] Level 1:colcon.colcon_core.package_identification:_identify(.) by extensions ['colcon_meta']
[0.155s] Level 1:colcon.colcon_core.package_identification:_identify(.) by extension 'colcon_meta'
[0.156s] Level 1:colcon.colcon_core.package_identification:_identify(.) by extensions ['ros']
[0.156s] Level 1:colcon.colcon_core.package_identification:_identify(.) by extension 'ros'
[0.162s] Level 1:colcon.colcon_core.package_identification:_identify(.) by extensions ['cmake', 'python']
[0.162s] Level 1:colcon.colcon_core.package_identification:_identify(.) by extension 'cmake'
[0.162s] Level 1:colcon.colcon_core.package_identification:_identify(.) by extension 'python'
[0.162s] Level 1:colcon.colcon_core.package_identification:_identify(.) by extensions ['python_setup_py']
[0.162s] Level 1:colcon.colcon_core.package_identification:_identify(.) by extension 'python_setup_py'
[0.162s] Level 1:colcon.colcon_core.package_identification:_identify(build) by extensions ['ignore', 'ignore_ament_install']
[0.163s] Level 1:colcon.colcon_core.package_identification:_identify(build) by extension 'ignore'
[0.163s] Level 1:colcon.colcon_core.package_identification:_identify(build) ignored
[0.163s] Level 1:colcon.colcon_core.package_identification:_identify(install) by extensions ['ignore', 'ignore_ament_install']
[0.163s] Level 1:colcon.colcon_core.package_identification:_identify(install) by extension 'ignore'
[0.163s] Level 1:colcon.colcon_core.package_identification:_identify(install) ignored
[0.163s] Level 1:colcon.colcon_core.package_identification:_identify(log) by extensions ['ignore', 'ignore_ament_install']
[0.163s] Level 1:colcon.colcon_core.package_identification:_identify(log) by extension 'ignore'
[0.163s] Level 1:colcon.colcon_core.package_identification:_identify(log) ignored
[0.163s] Level 1:colcon.colcon_core.package_identification:_identify(src) by extensions ['ignore', 'ignore_ament_install']
[0.163s] Level 1:colcon.colcon_core.package_identification:_identify(src) by extension 'ignore'
[0.163s] Level 1:colcon.colcon_core.package_identification:_identify(src) by extension 'ignore_ament_install'
[0.163s] Level 1:colcon.colcon_core.package_identification:_identify(src) by extensions ['colcon_pkg']
[0.163s] Level 1:colcon.colcon_core.package_identification:_identify(src) by extension 'colcon_pkg'
[0.163s] Level 1:colcon.colcon_core.package_identification:_identify(src) by extensions ['colcon_meta']
[0.163s] Level 1:colcon.colcon_core.package_identification:_identify(src) by extension 'colcon_meta'
[0.163s] Level 1:colcon.colcon_core.package_identification:_identify(src) by extensions ['ros']
[0.163s] Level 1:colcon.colcon_core.package_identification:_identify(src) by extension 'ros'
[0.163s] Level 1:colcon.colcon_core.package_identification:_identify(src) by extensions ['cmake', 'python']
[0.163s] Level 1:colcon.colcon_core.package_identification:_identify(src) by extension 'cmake'
[0.163s] Level 1:colcon.colcon_core.package_identification:_identify(src) by extension 'python'
[0.163s] Level 1:colcon.colcon_core.package_identification:_identify(src) by extensions ['python_setup_py']
[0.163s] Level 1:colcon.colcon_core.package_identification:_identify(src) by extension 'python_setup_py'
[0.163s] Level 1:colcon.colcon_core.package_identification:_identify(src/dynamixel_interface) by extensions ['ignore', 'ignore_ament_install']
[0.163s] Level 1:colcon.colcon_core.package_identification:_identify(src/dynamixel_interface) by extension 'ignore'
[0.163s] Level 1:colcon.colcon_core.package_identification:_identify(src/dynamixel_interface) by extension 'ignore_ament_install'
[0.163s] Level 1:colcon.colcon_core.package_identification:_identify(src/dynamixel_interface) by extensions ['colcon_pkg']
[0.163s] Level 1:colcon.colcon_core.package_identification:_identify(src/dynamixel_interface) by extension 'colcon_pkg'
[0.163s] Level 1:colcon.colcon_core.package_identification:_identify(src/dynamixel_interface) by extensions ['colcon_meta']
[0.163s] Level 1:colcon.colcon_core.package_identification:_identify(src/dynamixel_interface) by extension 'colcon_meta'
[0.163s] Level 1:colcon.colcon_core.package_identification:_identify(src/dynamixel_interface) by extensions ['ros']
[0.163s] Level 1:colcon.colcon_core.package_identification:_identify(src/dynamixel_interface) by extension 'ros'
[0.165s] DEBUG:colcon.colcon_core.package_identification:Package 'src/dynamixel_interface' with type 'ros.ament_cmake' and name 'dynamixel_interface'
[0.165s] Level 1:colcon.colcon_core.package_discovery:discover_packages(recursive) using defaults
[0.165s] Level 1:colcon.colcon_core.package_discovery:discover_packages(ignore) discover
[0.165s] Level 1:colcon.colcon_core.package_discovery:discover_packages(ignore) using defaults
[0.165s] Level 1:colcon.colcon_core.package_discovery:discover_packages(path) discover
[0.165s] Level 1:colcon.colcon_core.package_discovery:discover_packages(path) using defaults
[0.186s] Level 1:colcon.colcon_core.package_discovery:discover_packages(prefix_path) check parameters
[0.186s] Level 1:colcon.colcon_core.package_discovery:discover_packages(prefix_path) discover
[0.187s] WARNING:colcon.colcon_core.prefix_path.colcon:The path '/home/vigno0405/github/VMRobotControl.jl/finger/ros2_dynamixel/install' in the environment variable COLCON_PREFIX_PATH doesn't exist
[0.187s] WARNING:colcon.colcon_ros.prefix_path.ament:The path '/home/vigno0405/github/VMRobotControl.jl/finger/ros2_dynamixel/install/dynamixel_interface' in the environment variable AMENT_PREFIX_PATH doesn't exist
[0.188s] WARNING:colcon.colcon_ros.prefix_path.catkin:The path '/home/vigno0405/github/VMRobotControl.jl/finger/ros2_dynamixel/install/dynamixel_interface' in the environment variable CMAKE_PREFIX_PATH doesn't exist
[0.189s] DEBUG:colcon.colcon_installed_package_information.package_discovery:Found 5 installed packages in /home/vigno0405/Dynamixel/install
[0.190s] DEBUG:colcon.colcon_installed_package_information.package_discovery:Found 14 installed packages in /home/vigno0405/franka_ros2_ws/install
[0.190s] DEBUG:colcon.colcon_installed_package_information.package_discovery:Found 14 installed packages in /home/vigno0405/franka_ros2_ws/src/install
[0.192s] DEBUG:colcon.colcon_installed_package_information.package_discovery:Found 380 installed packages in /opt/ros/humble
[0.193s] Level 1:colcon.colcon_core.package_discovery:discover_packages(prefix_path) using defaults
[0.221s] Level 5:colcon.colcon_core.verb:set package 'dynamixel_interface' build argument 'cmake_args' from command line to 'None'
[0.221s] Level 5:colcon.colcon_core.verb:set package 'dynamixel_interface' build argument 'cmake_target' from command line to 'None'
[0.221s] Level 5:colcon.colcon_core.verb:set package 'dynamixel_interface' build argument 'cmake_target_skip_unavailable' from command line to 'False'
[0.221s] Level 5:colcon.colcon_core.verb:set package 'dynamixel_interface' build argument 'cmake_clean_cache' from command line to 'False'
[0.221s] Level 5:colcon.colcon_core.verb:set package 'dynamixel_interface' build argument 'cmake_clean_first' from command line to 'False'
[0.221s] Level 5:colcon.colcon_core.verb:set package 'dynamixel_interface' build argument 'cmake_force_configure' from command line to 'False'
[0.221s] Level 5:colcon.colcon_core.verb:set package 'dynamixel_interface' build argument 'ament_cmake_args' from command line to 'None'
[0.221s] Level 5:colcon.colcon_core.verb:set package 'dynamixel_interface' build argument 'catkin_cmake_args' from command line to 'None'
[0.221s] Level 5:colcon.colcon_core.verb:set package 'dynamixel_interface' build argument 'catkin_skip_building_tests' from command line to 'False'
[0.221s] DEBUG:colcon.colcon_core.verb:Building package 'dynamixel_interface' with the following arguments: {'ament_cmake_args': None, 'build_base': '/home/vigno0405/github/HandVMC/ros2_dynamixel/build/dynamixel_interface', 'catkin_cmake_args': None, 'catkin_skip_building_tests': False, 'cmake_args': None, 'cmake_clean_cache': False, 'cmake_clean_first': False, 'cmake_force_configure': False, 'cmake_target': None, 'cmake_target_skip_unavailable': False, 'install_base': '/home/vigno0405/github/HandVMC/ros2_dynamixel/install/dynamixel_interface', 'merge_install': False, 'path': '/home/vigno0405/github/HandVMC/ros2_dynamixel/src/dynamixel_interface', 'symlink_install': False, 'test_result_base': None}
[0.221s] INFO:colcon.colcon_core.executor:Executing jobs using 'parallel' executor
[0.222s] DEBUG:colcon.colcon_parallel_executor.executor.parallel:run_until_complete
[0.222s] INFO:colcon.colcon_ros.task.ament_cmake.build:Building ROS package in '/home/vigno0405/github/HandVMC/ros2_dynamixel/src/dynamixel_interface' with build type 'ament_cmake'
[0.222s] INFO:colcon.colcon_cmake.task.cmake.build:Building CMake package in '/home/vigno0405/github/HandVMC/ros2_dynamixel/src/dynamixel_interface'
[0.223s] INFO:colcon.colcon_core.plugin_system:Skipping extension 'colcon_core.shell.bat': Not used on non-Windows systems
[0.223s] INFO:colcon.colcon_core.shell:Skip shell extension 'powershell' for command environment: Not usable outside of PowerShell
[0.223s] DEBUG:colcon.colcon_core.shell:Skip shell extension 'dsv' for command environment
[0.232s] DEBUG:colcon.colcon_core.event_handler.log_command:Invoking command in '/home/vigno0405/github/HandVMC/ros2_dynamixel/build/dynamixel_interface': CMAKE_PREFIX_PATH=${CMAKE_PREFIX_PATH}:/opt/ros/humble /usr/bin/cmake --build /home/vigno0405/github/HandVMC/ros2_dynamixel/build/dynamixel_interface -- -j16 -l16
[0.286s] DEBUG:colcon.colcon_core.event_handler.log_command:Invoked command in '/home/vigno0405/github/HandVMC/ros2_dynamixel/build/dynamixel_interface' returned '0': CMAKE_PREFIX_PATH=${CMAKE_PREFIX_PATH}:/opt/ros/humble /usr/bin/cmake --build /home/vigno0405/github/HandVMC/ros2_dynamixel/build/dynamixel_interface -- -j16 -l16
[0.294s] DEBUG:colcon.colcon_core.event_handler.log_command:Invoking command in '/home/vigno0405/github/HandVMC/ros2_dynamixel/build/dynamixel_interface': CMAKE_PREFIX_PATH=${CMAKE_PREFIX_PATH}:/opt/ros/humble /usr/bin/cmake --install /home/vigno0405/github/HandVMC/ros2_dynamixel/build/dynamixel_interface
[0.302s] Level 1:colcon.colcon_core.environment:create_environment_scripts_only(dynamixel_interface)
[0.302s] DEBUG:colcon.colcon_core.event_handler.log_command:Invoked command in '/home/vigno0405/github/HandVMC/ros2_dynamixel/build/dynamixel_interface' returned '0': CMAKE_PREFIX_PATH=${CMAKE_PREFIX_PATH}:/opt/ros/humble /usr/bin/cmake --install /home/vigno0405/github/HandVMC/ros2_dynamixel/build/dynamixel_interface
[0.303s] Level 1:colcon.colcon_core.environment:checking '/home/vigno0405/github/HandVMC/ros2_dynamixel/install/dynamixel_interface' for CMake module files
[0.304s] Level 1:colcon.colcon_core.environment:checking '/home/vigno0405/github/HandVMC/ros2_dynamixel/install/dynamixel_interface' for CMake config files
[0.304s] Level 1:colcon.colcon_core.shell:create_environment_hook('dynamixel_interface', 'cmake_prefix_path')
[0.304s] INFO:colcon.colcon_core.shell:Creating environment hook '/home/vigno0405/github/HandVMC/ros2_dynamixel/install/dynamixel_interface/share/dynamixel_interface/hook/cmake_prefix_path.ps1'
[0.304s] INFO:colcon.colcon_core.shell:Creating environment descriptor '/home/vigno0405/github/HandVMC/ros2_dynamixel/install/dynamixel_interface/share/dynamixel_interface/hook/cmake_prefix_path.dsv'
[0.305s] INFO:colcon.colcon_core.shell:Creating environment hook '/home/vigno0405/github/HandVMC/ros2_dynamixel/install/dynamixel_interface/share/dynamixel_interface/hook/cmake_prefix_path.sh'
[0.305s] Level 1:colcon.colcon_core.environment:checking '/home/vigno0405/github/HandVMC/ros2_dynamixel/install/dynamixel_interface/lib'
[0.305s] Level 1:colcon.colcon_core.environment:checking '/home/vigno0405/github/HandVMC/ros2_dynamixel/install/dynamixel_interface/bin'
[0.305s] Level 1:colcon.colcon_core.environment:checking '/home/vigno0405/github/HandVMC/ros2_dynamixel/install/dynamixel_interface/lib/pkgconfig/dynamixel_interface.pc'
[0.305s] Level 1:colcon.colcon_core.environment:checking '/home/vigno0405/github/HandVMC/ros2_dynamixel/install/dynamixel_interface/lib/python3.10/site-packages'
[0.306s] Level 1:colcon.colcon_core.environment:checking '/home/vigno0405/github/HandVMC/ros2_dynamixel/install/dynamixel_interface/bin'
[0.306s] INFO:colcon.colcon_core.shell:Creating package script '/home/vigno0405/github/HandVMC/ros2_dynamixel/install/dynamixel_interface/share/dynamixel_interface/package.ps1'
[0.306s] INFO:colcon.colcon_core.shell:Creating package descriptor '/home/vigno0405/github/HandVMC/ros2_dynamixel/install/dynamixel_interface/share/dynamixel_interface/package.dsv'
[0.306s] INFO:colcon.colcon_core.shell:Creating package script '/home/vigno0405/github/HandVMC/ros2_dynamixel/install/dynamixel_interface/share/dynamixel_interface/package.sh'
[0.307s] INFO:colcon.colcon_core.shell:Creating package script '/home/vigno0405/github/HandVMC/ros2_dynamixel/install/dynamixel_interface/share/dynamixel_interface/package.bash'
[0.307s] INFO:colcon.colcon_core.shell:Creating package script '/home/vigno0405/github/HandVMC/ros2_dynamixel/install/dynamixel_interface/share/dynamixel_interface/package.zsh'
[0.308s] Level 1:colcon.colcon_core.environment:create_file_with_runtime_dependencies(/home/vigno0405/github/HandVMC/ros2_dynamixel/install/dynamixel_interface/share/colcon-core/packages/dynamixel_interface)
[0.308s] Level 1:colcon.colcon_core.environment:create_environment_scripts_only(dynamixel_interface)
[0.308s] Level 1:colcon.colcon_core.environment:checking '/home/vigno0405/github/HandVMC/ros2_dynamixel/install/dynamixel_interface' for CMake module files
[0.308s] Level 1:colcon.colcon_core.environment:checking '/home/vigno0405/github/HandVMC/ros2_dynamixel/install/dynamixel_interface' for CMake config files
[0.308s] Level 1:colcon.colcon_core.shell:create_environment_hook('dynamixel_interface', 'cmake_prefix_path')
[0.308s] INFO:colcon.colcon_core.shell:Creating environment hook '/home/vigno0405/github/HandVMC/ros2_dynamixel/install/dynamixel_interface/share/dynamixel_interface/hook/cmake_prefix_path.ps1'
[0.309s] INFO:colcon.colcon_core.shell:Creating environment descriptor '/home/vigno0405/github/HandVMC/ros2_dynamixel/install/dynamixel_interface/share/dynamixel_interface/hook/cmake_prefix_path.dsv'
[0.309s] INFO:colcon.colcon_core.shell:Creating environment hook '/home/vigno0405/github/HandVMC/ros2_dynamixel/install/dynamixel_interface/share/dynamixel_interface/hook/cmake_prefix_path.sh'
[0.309s] Level 1:colcon.colcon_core.environment:checking '/home/vigno0405/github/HandVMC/ros2_dynamixel/install/dynamixel_interface/lib'
[0.309s] Level 1:colcon.colcon_core.environment:checking '/home/vigno0405/github/HandVMC/ros2_dynamixel/install/dynamixel_interface/bin'
[0.309s] Level 1:colcon.colcon_core.environment:checking '/home/vigno0405/github/HandVMC/ros2_dynamixel/install/dynamixel_interface/lib/pkgconfig/dynamixel_interface.pc'
[0.309s] Level 1:colcon.colcon_core.environment:checking '/home/vigno0405/github/HandVMC/ros2_dynamixel/install/dynamixel_interface/lib/python3.10/site-packages'
[0.310s] Level 1:colcon.colcon_core.environment:checking '/home/vigno0405/github/HandVMC/ros2_dynamixel/install/dynamixel_interface/bin'
[0.310s] INFO:colcon.colcon_core.shell:Creating package script '/home/vigno0405/github/HandVMC/ros2_dynamixel/install/dynamixel_interface/share/dynamixel_interface/package.ps1'
[0.310s] INFO:colcon.colcon_core.shell:Creating package descriptor '/home/vigno0405/github/HandVMC/ros2_dynamixel/install/dynamixel_interface/share/dynamixel_interface/package.dsv'
[0.310s] INFO:colcon.colcon_core.shell:Creating package script '/home/vigno0405/github/HandVMC/ros2_dynamixel/install/dynamixel_interface/share/dynamixel_interface/package.sh'
[0.310s] INFO:colcon.colcon_core.shell:Creating package script '/home/vigno0405/github/HandVMC/ros2_dynamixel/install/dynamixel_interface/share/dynamixel_interface/package.bash'
[0.311s] INFO:colcon.colcon_core.shell:Creating package script '/home/vigno0405/github/HandVMC/ros2_dynamixel/install/dynamixel_interface/share/dynamixel_interface/package.zsh'
[0.311s] Level 1:colcon.colcon_core.environment:create_file_with_runtime_dependencies(/home/vigno0405/github/HandVMC/ros2_dynamixel/install/dynamixel_interface/share/colcon-core/packages/dynamixel_interface)
[0.311s] DEBUG:colcon.colcon_parallel_executor.executor.parallel:closing loop
[0.311s] DEBUG:colcon.colcon_parallel_executor.executor.parallel:loop closed
[0.311s] DEBUG:colcon.colcon_parallel_executor.executor.parallel:run_until_complete finished with '0'
[0.311s] DEBUG:colcon.colcon_core.event_reactor:joining thread
[0.315s] INFO:colcon.colcon_core.plugin_system:Skipping extension 'colcon_notification.desktop_notification.terminal_notifier': Not used on non-Darwin systems
[0.315s] INFO:colcon.colcon_core.plugin_system:Skipping extension 'colcon_notification.desktop_notification.win32': Not used on non-Windows systems
[0.315s] INFO:colcon.colcon_notification.desktop_notification:Sending desktop notification using 'notify2'
[0.321s] DEBUG:colcon.colcon_core.event_reactor:joined thread
[0.321s] INFO:colcon.colcon_core.shell:Creating prefix script '/home/vigno0405/github/HandVMC/ros2_dynamixel/install/local_setup.ps1'
[0.322s] INFO:colcon.colcon_core.shell:Creating prefix util module '/home/vigno0405/github/HandVMC/ros2_dynamixel/install/_local_setup_util_ps1.py'
[0.322s] INFO:colcon.colcon_core.shell:Creating prefix chain script '/home/vigno0405/github/HandVMC/ros2_dynamixel/install/setup.ps1'
[0.324s] INFO:colcon.colcon_core.shell:Creating prefix script '/home/vigno0405/github/HandVMC/ros2_dynamixel/install/local_setup.sh'
[0.324s] INFO:colcon.colcon_core.shell:Creating prefix util module '/home/vigno0405/github/HandVMC/ros2_dynamixel/install/_local_setup_util_sh.py'
[0.324s] INFO:colcon.colcon_core.shell:Creating prefix chain script '/home/vigno0405/github/HandVMC/ros2_dynamixel/install/setup.sh'
[0.325s] INFO:colcon.colcon_core.shell:Creating prefix script '/home/vigno0405/github/HandVMC/ros2_dynamixel/install/local_setup.bash'
[0.326s] INFO:colcon.colcon_core.shell:Creating prefix chain script '/home/vigno0405/github/HandVMC/ros2_dynamixel/install/setup.bash'
[0.327s] INFO:colcon.colcon_core.shell:Creating prefix script '/home/vigno0405/github/HandVMC/ros2_dynamixel/install/local_setup.zsh'
[0.327s] INFO:colcon.colcon_core.shell:Creating prefix chain script '/home/vigno0405/github/HandVMC/ros2_dynamixel/install/setup.zsh'
